// Jest Snapshot v1, https://goo.gl/fbAQLP

exports[`MeetupEvent rendered with event details 1`] = `null`;
